******************************************************************************
                  TI ARM Linker PC v16.9.0                     
******************************************************************************
>> Linked Thu Feb 16 18:13:02 2017

OUTPUT FILE NAME:   <DC.out>
ENTRY POINT SYMBOL: "_c_int00"  address: 000009bd


MEMORY CONFIGURATION

         name            origin    length      used     unused   attr    fill
----------------------  --------  ---------  --------  --------  ----  --------
  MAIN                  00000000   00040000  00000b28  0003f4d8  R  X
  INFO                  00200000   00004000  00000000  00004000  R  X
  SRAM_CODE             01000000   00010000  00000228  0000fdd8  RW X
  SRAM_DATA             20000000   00010000  00000228  0000fdd8  RW  


SEGMENT ALLOCATION MAP

run origin  load origin   length   init length attrs members
----------  ----------- ---------- ----------- ----- -------
00000000    00000000    00000b28   00000b28    r-x
  00000000    00000000    000000e4   000000e4    r-- .intvecs
  000000e4    000000e4    00000a1c   00000a1c    r-x .text
  00000b00    00000b00    00000028   00000028    r-- .cinit
20000000    20000000    00000028   00000000    rw-
  20000000    20000000    00000028   00000000    rw- .data
2000fe00    2000fe00    00000200   00000000    rw-
  2000fe00    2000fe00    00000200   00000000    rw- .stack


SECTION ALLOCATION MAP

 output                                  attributes/
section   page    origin      length       input sections
--------  ----  ----------  ----------   ----------------
.intvecs   0    00000000    000000e4     
                  00000000    000000e4     startup_msp432p401r_ccs.obj (.intvecs:retain)

.binit     0    00000000    00000000     

.text      0    000000e4    00000a1c     
                  000000e4    0000032c     system_msp432p401r.obj (.text)
                  00000410    000002e4     portfunc.obj (.text)
                  000006f4    00000154     main.obj (.text)
                  00000848    0000009c     rtsv7M4_T_le_v4SPD16_eabi.lib : memcpy_t2.obj (.text)
                  000008e4    00000070                                   : autoinit.obj (.text)
                  00000954    00000068                                   : copy_decompress_lzss.obj (.text:decompress:lzss)
                  000009bc    00000054                                   : boot.obj (.text)
                  00000a10    00000054                                   : exit.obj (.text)
                  00000a64    0000004c                                   : cpy_tbl.obj (.text)
                  00000ab0    00000018                                   : args_main.obj (.text)
                  00000ac8    00000014                                   : _lock.obj (.text)
                  00000adc    0000000e                                   : copy_decompress_none.obj (.text:decompress:none)
                  00000aea    0000000e     startup_msp432p401r_ccs.obj (.text)
                  00000af8    00000004     rtsv7M4_T_le_v4SPD16_eabi.lib : pre_init.obj (.text)
                  00000afc    00000002                                   : mpu_init.obj (.text)
                  00000afe    00000002                                   : startup.obj (.text)

.cinit     0    00000b00    00000028     
                  00000b00    00000017     (.cinit..data.load) [load image, compression = lzss]
                  00000b17    00000001     --HOLE-- [fill = 0]
                  00000b18    00000008     (__TI_handler_table)
                  00000b20    00000008     (__TI_cinit_table)

.init_array 
*          0    00000000    00000000     UNINITIALIZED

.data      0    20000000    00000028     UNINITIALIZED
                  20000000    0000000c     rtsv7M4_T_le_v4SPD16_eabi.lib : exit.obj (.data:$O1$$)
                  2000000c    0000000c     main.obj (.data)
                  20000018    00000008     rtsv7M4_T_le_v4SPD16_eabi.lib : _lock.obj (.data:$O1$$)
                  20000020    00000004                                   : stkdepth_vars.obj (.data)
                  20000024    00000004     system_msp432p401r.obj (.data)

.stack     0    2000fe00    00000200     UNINITIALIZED
                  2000fe00    00000200     --HOLE--

MODULE SUMMARY

       Module                        code   ro data   rw data
       ------                        ----   -------   -------
    .\
       system_msp432p401r.obj        812    0         8      
       portfunc.obj                  740    0         0      
       main.obj                      340    0         24     
       startup_msp432p401r_ccs.obj   14     228       0      
    +--+-----------------------------+------+---------+---------+
       Total:                        1906   228       32     
                                                             
    C:\Program Files (x86)\TI\ccsv7\tools\compiler\ti-cgt-arm_16.9.0.LTS\lib\rtsv7M4_T_le_v4SPD16_eabi.lib
       memcpy_t2.obj                 156    0         0      
       autoinit.obj                  112    0         0      
       exit.obj                      84     0         24     
       copy_decompress_lzss.obj      104    0         0      
       boot.obj                      84     0         0      
       cpy_tbl.obj                   76     0         0      
       _lock.obj                     20     0         16     
       args_main.obj                 24     0         0      
       copy_decompress_none.obj      14     0         0      
       stkdepth_vars.obj             0      0         8      
       pre_init.obj                  4      0         0      
       mpu_init.obj                  2      0         0      
       startup.obj                   2      0         0      
    +--+-----------------------------+------+---------+---------+
       Total:                        682    0         48     
                                                             
       Stack:                        0      0         1024   
       Linker Generated:             0      39        0      
    +--+-----------------------------+------+---------+---------+
       Grand Total:                  2588   267       1104   


LINKER GENERATED COPY TABLES

__TI_cinit_table @ 00000b20 records: 1, size/record: 8, table size: 8
	.data: load addr=00000b00, load size=00000017 bytes, run addr=20000000, run size=00000028 bytes, compression=lzss


LINKER GENERATED HANDLER TABLE

__TI_handler_table @ 00000b18 records: 2, size/record: 4, table size: 8
	index: 0, handler: __TI_decompress_lzss
	index: 1, handler: __TI_decompress_none


GLOBAL SYMBOLS: SORTED ALPHABETICALLY BY Name 

address   name                           
-------   ----                           
00000af7  ADC14_IRQHandler               
00000af7  AES256_IRQHandler              
00000af7  BusFault_Handler               
00000a11  C$$EXIT                        
00000af7  COMP_E0_IRQHandler             
00000af7  COMP_E1_IRQHandler             
00000af7  CS_IRQHandler                  
000007df  ConfigureTimer                 
00000af7  DMA_ERR_IRQHandler             
00000af7  DMA_INT0_IRQHandler            
00000af7  DMA_INT1_IRQHandler            
00000af7  DMA_INT2_IRQHandler            
00000af7  DMA_INT3_IRQHandler            
00000af7  DebugMon_Handler               
00000af7  Default_Handler                
00000af7  EUSCIA0_IRQHandler             
00000af7  EUSCIA1_IRQHandler             
00000af7  EUSCIA2_IRQHandler             
00000af7  EUSCIA3_IRQHandler             
00000af7  EUSCIB0_IRQHandler             
00000af7  EUSCIB1_IRQHandler             
00000af7  EUSCIB2_IRQHandler             
00000af7  EUSCIB3_IRQHandler             
00000af7  FLCTL_IRQHandler               
00000af7  FPU_IRQHandler                 
00000af7  HardFault_Handler              
000007a5  IncrTime                       
00000719  InitLED                        
0000075f  ManageThyme                    
00000af7  MemManage_Handler              
00000af7  NMI_Handler                    
00000af7  PCM_IRQHandler                 
00000af7  PORT2_IRQHandler               
00000af7  PORT3_IRQHandler               
00000af7  PORT4_IRQHandler               
00000af7  PORT5_IRQHandler               
00000af7  PORT6_IRQHandler               
00000af7  PSS_IRQHandler                 
00000af7  PendSV_Handler                 
00000803  PortOneInterrupt               
00000803  PortOneInterrupt               
00000af7  RTC_C_IRQHandler               
00000aeb  Reset_Handler                  
UNDEFED   SHT$$INIT_ARRAY$$Base          
UNDEFED   SHT$$INIT_ARRAY$$Limit         
00000af7  SVC_Handler                    
00000411  SelectPortFunction             
00000af7  SysTick_Handler                
20000024  SystemCoreClock                
000000e5  SystemCoreClockUpdate          
00000359  SystemInit                     
00000af7  T32_INT1_IRQHandler            
00000af7  T32_INT2_IRQHandler            
00000af7  T32_INTC_IRQHandler            
00000af7  TA0_0_IRQHandler               
00000af7  TA1_0_IRQHandler               
00000af7  TA1_N_IRQHandler               
00000af7  TA2_0_IRQHandler               
00000af7  TA2_N_IRQHandler               
00000af7  TA3_0_IRQHandler               
00000af7  TA3_N_IRQHandler               
000007ad  TimerA0Interrupt               
000007ad  TimerA0Interrupt               
00000af7  UsageFault_Handler             
4000480c  WDTCTL_SYM                     
00000af7  WDT_A_IRQHandler               
20010000  __STACK_END                    
00000200  __STACK_SIZE                   
00000b20  __TI_CINIT_Base                
00000b28  __TI_CINIT_Limit               
00000b18  __TI_Handler_Table_Base        
00000b20  __TI_Handler_Table_Limit       
000008e5  __TI_auto_init                 
20000000  __TI_cleanup_ptr               
00000955  __TI_decompress_lzss           
00000add  __TI_decompress_none           
20000004  __TI_dtors_ptr                 
20000008  __TI_enable_exit_profile_output
ffffffff  __TI_pprof_out_hndl            
ffffffff  __TI_prof_data_size            
ffffffff  __TI_prof_data_start           
00000000  __TI_static_base__             
00000849  __aeabi_memcpy                 
00000849  __aeabi_memcpy4                
00000849  __aeabi_memcpy8                
ffffffff  __binit__                      
ffffffff  __c_args__                     
00000afd  __mpu_init                     
2000fe00  __stack                        
00000ab1  _args_main                     
000009bd  _c_int00                       
20000018  _lock                          
00000ad7  _nop                           
00000acf  _register_lock                 
00000ac9  _register_unlock               
00000aff  _system_post_cinit             
00000af9  _system_pre_init               
2000001c  _unlock                        
00000a15  abort                          
ffffffff  binit                          
00000a65  copy_in                        
00000a1d  exit                           
20000014  hour                           
00000000  interruptVectors               
00000805  main                           
20000020  main_func_sp                   
00000849  memcpy                         
20000010  minute                         
2000000c  qSec                           


GLOBAL SYMBOLS: SORTED BY Symbol Address 

address   name                           
-------   ----                           
00000000  __TI_static_base__             
00000000  interruptVectors               
000000e5  SystemCoreClockUpdate          
00000200  __STACK_SIZE                   
00000359  SystemInit                     
00000411  SelectPortFunction             
00000719  InitLED                        
0000075f  ManageThyme                    
000007a5  IncrTime                       
000007ad  TimerA0Interrupt               
000007ad  TimerA0Interrupt               
000007df  ConfigureTimer                 
00000803  PortOneInterrupt               
00000803  PortOneInterrupt               
00000805  main                           
00000849  __aeabi_memcpy                 
00000849  __aeabi_memcpy4                
00000849  __aeabi_memcpy8                
00000849  memcpy                         
000008e5  __TI_auto_init                 
00000955  __TI_decompress_lzss           
000009bd  _c_int00                       
00000a11  C$$EXIT                        
00000a15  abort                          
00000a1d  exit                           
00000a65  copy_in                        
00000ab1  _args_main                     
00000ac9  _register_unlock               
00000acf  _register_lock                 
00000ad7  _nop                           
00000add  __TI_decompress_none           
00000aeb  Reset_Handler                  
00000af7  ADC14_IRQHandler               
00000af7  AES256_IRQHandler              
00000af7  BusFault_Handler               
00000af7  COMP_E0_IRQHandler             
00000af7  COMP_E1_IRQHandler             
00000af7  CS_IRQHandler                  
00000af7  DMA_ERR_IRQHandler             
00000af7  DMA_INT0_IRQHandler            
00000af7  DMA_INT1_IRQHandler            
00000af7  DMA_INT2_IRQHandler            
00000af7  DMA_INT3_IRQHandler            
00000af7  DebugMon_Handler               
00000af7  Default_Handler                
00000af7  EUSCIA0_IRQHandler             
00000af7  EUSCIA1_IRQHandler             
00000af7  EUSCIA2_IRQHandler             
00000af7  EUSCIA3_IRQHandler             
00000af7  EUSCIB0_IRQHandler             
00000af7  EUSCIB1_IRQHandler             
00000af7  EUSCIB2_IRQHandler             
00000af7  EUSCIB3_IRQHandler             
00000af7  FLCTL_IRQHandler               
00000af7  FPU_IRQHandler                 
00000af7  HardFault_Handler              
00000af7  MemManage_Handler              
00000af7  NMI_Handler                    
00000af7  PCM_IRQHandler                 
00000af7  PORT2_IRQHandler               
00000af7  PORT3_IRQHandler               
00000af7  PORT4_IRQHandler               
00000af7  PORT5_IRQHandler               
00000af7  PORT6_IRQHandler               
00000af7  PSS_IRQHandler                 
00000af7  PendSV_Handler                 
00000af7  RTC_C_IRQHandler               
00000af7  SVC_Handler                    
00000af7  SysTick_Handler                
00000af7  T32_INT1_IRQHandler            
00000af7  T32_INT2_IRQHandler            
00000af7  T32_INTC_IRQHandler            
00000af7  TA0_0_IRQHandler               
00000af7  TA1_0_IRQHandler               
00000af7  TA1_N_IRQHandler               
00000af7  TA2_0_IRQHandler               
00000af7  TA2_N_IRQHandler               
00000af7  TA3_0_IRQHandler               
00000af7  TA3_N_IRQHandler               
00000af7  UsageFault_Handler             
00000af7  WDT_A_IRQHandler               
00000af9  _system_pre_init               
00000afd  __mpu_init                     
00000aff  _system_post_cinit             
00000b18  __TI_Handler_Table_Base        
00000b20  __TI_CINIT_Base                
00000b20  __TI_Handler_Table_Limit       
00000b28  __TI_CINIT_Limit               
20000000  __TI_cleanup_ptr               
20000004  __TI_dtors_ptr                 
20000008  __TI_enable_exit_profile_output
2000000c  qSec                           
20000010  minute                         
20000014  hour                           
20000018  _lock                          
2000001c  _unlock                        
20000020  main_func_sp                   
20000024  SystemCoreClock                
2000fe00  __stack                        
20010000  __STACK_END                    
4000480c  WDTCTL_SYM                     
ffffffff  __TI_pprof_out_hndl            
ffffffff  __TI_prof_data_size            
ffffffff  __TI_prof_data_start           
ffffffff  __binit__                      
ffffffff  __c_args__                     
ffffffff  binit                          
UNDEFED   SHT$$INIT_ARRAY$$Base          
UNDEFED   SHT$$INIT_ARRAY$$Limit         

[109 symbols]
