******************************************************************************
                  TI ARM Linker PC v16.9.0                     
******************************************************************************
>> Linked Thu Feb 16 18:38:02 2017

OUTPUT FILE NAME:   <DC.out>
ENTRY POINT SYMBOL: "_c_int00"  address: 000009a5


MEMORY CONFIGURATION

         name            origin    length      used     unused   attr    fill
----------------------  --------  ---------  --------  --------  ----  --------
  MAIN                  00000000   00040000  00000b10  0003f4f0  R  X
  INFO                  00200000   00004000  00000000  00004000  R  X
  SRAM_CODE             01000000   00010000  00000228  0000fdd8  RW X
  SRAM_DATA             20000000   00010000  00000228  0000fdd8  RW  


SEGMENT ALLOCATION MAP

run origin  load origin   length   init length attrs members
----------  ----------- ---------- ----------- ----- -------
00000000    00000000    00000b10   00000b10    r-x
  00000000    00000000    000000e4   000000e4    r-- .intvecs
  000000e4    000000e4    00000a04   00000a04    r-x .text
  00000ae8    00000ae8    00000028   00000028    r-- .cinit
20000000    20000000    00000028   00000000    rw-
  20000000    20000000    00000028   00000000    rw- .data
2000fe00    2000fe00    00000200   00000000    rw-
  2000fe00    2000fe00    00000200   00000000    rw- .stack


SECTION ALLOCATION MAP

 output                                  attributes/
section   page    origin      length       input sections
--------  ----  ----------  ----------   ----------------
.intvecs   0    00000000    000000e4     
                  00000000    000000e4     startup_msp432p401r_ccs.obj (.intvecs:retain)

.binit     0    00000000    00000000     

.text      0    000000e4    00000a04     
                  000000e4    0000032c     system_msp432p401r.obj (.text)
                  00000410    000002e4     portfunc.obj (.text)
                  000006f4    0000013c     main.obj (.text)
                  00000830    0000009c     rtsv7M4_T_le_v4SPD16_eabi.lib : memcpy_t2.obj (.text)
                  000008cc    00000070                                   : autoinit.obj (.text)
                  0000093c    00000068                                   : copy_decompress_lzss.obj (.text:decompress:lzss)
                  000009a4    00000054                                   : boot.obj (.text)
                  000009f8    00000054                                   : exit.obj (.text)
                  00000a4c    0000004c                                   : cpy_tbl.obj (.text)
                  00000a98    00000018                                   : args_main.obj (.text)
                  00000ab0    00000014                                   : _lock.obj (.text)
                  00000ac4    0000000e                                   : copy_decompress_none.obj (.text:decompress:none)
                  00000ad2    0000000e     startup_msp432p401r_ccs.obj (.text)
                  00000ae0    00000004     rtsv7M4_T_le_v4SPD16_eabi.lib : pre_init.obj (.text)
                  00000ae4    00000002                                   : mpu_init.obj (.text)
                  00000ae6    00000002                                   : startup.obj (.text)

.cinit     0    00000ae8    00000028     
                  00000ae8    00000017     (.cinit..data.load) [load image, compression = lzss]
                  00000aff    00000001     --HOLE-- [fill = 0]
                  00000b00    00000008     (__TI_handler_table)
                  00000b08    00000008     (__TI_cinit_table)

.init_array 
*          0    00000000    00000000     UNINITIALIZED

.data      0    20000000    00000028     UNINITIALIZED
                  20000000    0000000c     rtsv7M4_T_le_v4SPD16_eabi.lib : exit.obj (.data:$O1$$)
                  2000000c    0000000c     main.obj (.data)
                  20000018    00000008     rtsv7M4_T_le_v4SPD16_eabi.lib : _lock.obj (.data:$O1$$)
                  20000020    00000004                                   : stkdepth_vars.obj (.data)
                  20000024    00000004     system_msp432p401r.obj (.data)

.stack     0    2000fe00    00000200     UNINITIALIZED
                  2000fe00    00000200     --HOLE--

MODULE SUMMARY

       Module                        code   ro data   rw data
       ------                        ----   -------   -------
    .\
       system_msp432p401r.obj        812    0         8      
       portfunc.obj                  740    0         0      
       main.obj                      316    0         24     
       startup_msp432p401r_ccs.obj   14     228       0      
    +--+-----------------------------+------+---------+---------+
       Total:                        1882   228       32     
                                                             
    C:\Program Files (x86)\TI\ccsv7\tools\compiler\ti-cgt-arm_16.9.0.LTS\lib\rtsv7M4_T_le_v4SPD16_eabi.lib
       memcpy_t2.obj                 156    0         0      
       autoinit.obj                  112    0         0      
       exit.obj                      84     0         24     
       copy_decompress_lzss.obj      104    0         0      
       boot.obj                      84     0         0      
       cpy_tbl.obj                   76     0         0      
       _lock.obj                     20     0         16     
       args_main.obj                 24     0         0      
       copy_decompress_none.obj      14     0         0      
       stkdepth_vars.obj             0      0         8      
       pre_init.obj                  4      0         0      
       mpu_init.obj                  2      0         0      
       startup.obj                   2      0         0      
    +--+-----------------------------+------+---------+---------+
       Total:                        682    0         48     
                                                             
       Stack:                        0      0         1024   
       Linker Generated:             0      39        0      
    +--+-----------------------------+------+---------+---------+
       Grand Total:                  2564   267       1104   


LINKER GENERATED COPY TABLES

__TI_cinit_table @ 00000b08 records: 1, size/record: 8, table size: 8
	.data: load addr=00000ae8, load size=00000017 bytes, run addr=20000000, run size=00000028 bytes, compression=lzss


LINKER GENERATED HANDLER TABLE

__TI_handler_table @ 00000b00 records: 2, size/record: 4, table size: 8
	index: 0, handler: __TI_decompress_lzss
	index: 1, handler: __TI_decompress_none


GLOBAL SYMBOLS: SORTED ALPHABETICALLY BY Name 

address   name                           
-------   ----                           
00000adf  ADC14_IRQHandler               
00000adf  AES256_IRQHandler              
00000adf  BusFault_Handler               
000009f9  C$$EXIT                        
00000adf  COMP_E0_IRQHandler             
00000adf  COMP_E1_IRQHandler             
00000adf  CS_IRQHandler                  
000007c5  ConfigureTimer                 
00000adf  DMA_ERR_IRQHandler             
00000adf  DMA_INT0_IRQHandler            
00000adf  DMA_INT1_IRQHandler            
00000adf  DMA_INT2_IRQHandler            
00000adf  DMA_INT3_IRQHandler            
00000adf  DebugMon_Handler               
00000adf  Default_Handler                
00000adf  EUSCIA0_IRQHandler             
00000adf  EUSCIA1_IRQHandler             
00000adf  EUSCIA2_IRQHandler             
00000adf  EUSCIA3_IRQHandler             
00000adf  EUSCIB0_IRQHandler             
00000adf  EUSCIB1_IRQHandler             
00000adf  EUSCIB2_IRQHandler             
00000adf  EUSCIB3_IRQHandler             
00000adf  FLCTL_IRQHandler               
00000adf  FPU_IRQHandler                 
00000adf  HardFault_Handler              
000007a5  IncrTime                       
00000719  InitLED                        
0000075f  ManageThyme                    
00000adf  MemManage_Handler              
00000adf  NMI_Handler                    
00000adf  PCM_IRQHandler                 
00000adf  PORT2_IRQHandler               
00000adf  PORT3_IRQHandler               
00000adf  PORT4_IRQHandler               
00000adf  PORT5_IRQHandler               
00000adf  PORT6_IRQHandler               
00000adf  PSS_IRQHandler                 
00000adf  PendSV_Handler                 
000007eb  PortOneInterrupt               
000007eb  PortOneInterrupt               
00000adf  RTC_C_IRQHandler               
00000ad3  Reset_Handler                  
UNDEFED   SHT$$INIT_ARRAY$$Base          
UNDEFED   SHT$$INIT_ARRAY$$Limit         
00000adf  SVC_Handler                    
00000411  SelectPortFunction             
00000adf  SysTick_Handler                
20000024  SystemCoreClock                
000000e5  SystemCoreClockUpdate          
00000359  SystemInit                     
00000adf  T32_INT1_IRQHandler            
00000adf  T32_INT2_IRQHandler            
00000adf  T32_INTC_IRQHandler            
00000adf  TA0_0_IRQHandler               
00000adf  TA1_0_IRQHandler               
00000adf  TA1_N_IRQHandler               
00000adf  TA2_0_IRQHandler               
00000adf  TA2_N_IRQHandler               
00000adf  TA3_0_IRQHandler               
00000adf  TA3_N_IRQHandler               
000007ad  TimerA0Interrupt               
000007ad  TimerA0Interrupt               
00000adf  UsageFault_Handler             
4000480c  WDTCTL_SYM                     
00000adf  WDT_A_IRQHandler               
20010000  __STACK_END                    
00000200  __STACK_SIZE                   
00000b08  __TI_CINIT_Base                
00000b10  __TI_CINIT_Limit               
00000b00  __TI_Handler_Table_Base        
00000b08  __TI_Handler_Table_Limit       
000008cd  __TI_auto_init                 
20000000  __TI_cleanup_ptr               
0000093d  __TI_decompress_lzss           
00000ac5  __TI_decompress_none           
20000004  __TI_dtors_ptr                 
20000008  __TI_enable_exit_profile_output
ffffffff  __TI_pprof_out_hndl            
ffffffff  __TI_prof_data_size            
ffffffff  __TI_prof_data_start           
00000000  __TI_static_base__             
00000831  __aeabi_memcpy                 
00000831  __aeabi_memcpy4                
00000831  __aeabi_memcpy8                
ffffffff  __binit__                      
ffffffff  __c_args__                     
00000ae5  __mpu_init                     
2000fe00  __stack                        
00000a99  _args_main                     
000009a5  _c_int00                       
20000018  _lock                          
00000abf  _nop                           
00000ab7  _register_lock                 
00000ab1  _register_unlock               
00000ae7  _system_post_cinit             
00000ae1  _system_pre_init               
2000001c  _unlock                        
000009fd  abort                          
ffffffff  binit                          
00000a4d  copy_in                        
00000a05  exit                           
20000014  hour                           
00000000  interruptVectors               
000007ed  main                           
20000020  main_func_sp                   
00000831  memcpy                         
20000010  minute                         
2000000c  qSec                           


GLOBAL SYMBOLS: SORTED BY Symbol Address 

address   name                           
-------   ----                           
00000000  __TI_static_base__             
00000000  interruptVectors               
000000e5  SystemCoreClockUpdate          
00000200  __STACK_SIZE                   
00000359  SystemInit                     
00000411  SelectPortFunction             
00000719  InitLED                        
0000075f  ManageThyme                    
000007a5  IncrTime                       
000007ad  TimerA0Interrupt               
000007ad  TimerA0Interrupt               
000007c5  ConfigureTimer                 
000007eb  PortOneInterrupt               
000007eb  PortOneInterrupt               
000007ed  main                           
00000831  __aeabi_memcpy                 
00000831  __aeabi_memcpy4                
00000831  __aeabi_memcpy8                
00000831  memcpy                         
000008cd  __TI_auto_init                 
0000093d  __TI_decompress_lzss           
000009a5  _c_int00                       
000009f9  C$$EXIT                        
000009fd  abort                          
00000a05  exit                           
00000a4d  copy_in                        
00000a99  _args_main                     
00000ab1  _register_unlock               
00000ab7  _register_lock                 
00000abf  _nop                           
00000ac5  __TI_decompress_none           
00000ad3  Reset_Handler                  
00000adf  ADC14_IRQHandler               
00000adf  AES256_IRQHandler              
00000adf  BusFault_Handler               
00000adf  COMP_E0_IRQHandler             
00000adf  COMP_E1_IRQHandler             
00000adf  CS_IRQHandler                  
00000adf  DMA_ERR_IRQHandler             
00000adf  DMA_INT0_IRQHandler            
00000adf  DMA_INT1_IRQHandler            
00000adf  DMA_INT2_IRQHandler            
00000adf  DMA_INT3_IRQHandler            
00000adf  DebugMon_Handler               
00000adf  Default_Handler                
00000adf  EUSCIA0_IRQHandler             
00000adf  EUSCIA1_IRQHandler             
00000adf  EUSCIA2_IRQHandler             
00000adf  EUSCIA3_IRQHandler             
00000adf  EUSCIB0_IRQHandler             
00000adf  EUSCIB1_IRQHandler             
00000adf  EUSCIB2_IRQHandler             
00000adf  EUSCIB3_IRQHandler             
00000adf  FLCTL_IRQHandler               
00000adf  FPU_IRQHandler                 
00000adf  HardFault_Handler              
00000adf  MemManage_Handler              
00000adf  NMI_Handler                    
00000adf  PCM_IRQHandler                 
00000adf  PORT2_IRQHandler               
00000adf  PORT3_IRQHandler               
00000adf  PORT4_IRQHandler               
00000adf  PORT5_IRQHandler               
00000adf  PORT6_IRQHandler               
00000adf  PSS_IRQHandler                 
00000adf  PendSV_Handler                 
00000adf  RTC_C_IRQHandler               
00000adf  SVC_Handler                    
00000adf  SysTick_Handler                
00000adf  T32_INT1_IRQHandler            
00000adf  T32_INT2_IRQHandler            
00000adf  T32_INTC_IRQHandler            
00000adf  TA0_0_IRQHandler               
00000adf  TA1_0_IRQHandler               
00000adf  TA1_N_IRQHandler               
00000adf  TA2_0_IRQHandler               
00000adf  TA2_N_IRQHandler               
00000adf  TA3_0_IRQHandler               
00000adf  TA3_N_IRQHandler               
00000adf  UsageFault_Handler             
00000adf  WDT_A_IRQHandler               
00000ae1  _system_pre_init               
00000ae5  __mpu_init                     
00000ae7  _system_post_cinit             
00000b00  __TI_Handler_Table_Base        
00000b08  __TI_CINIT_Base                
00000b08  __TI_Handler_Table_Limit       
00000b10  __TI_CINIT_Limit               
20000000  __TI_cleanup_ptr               
20000004  __TI_dtors_ptr                 
20000008  __TI_enable_exit_profile_output
2000000c  qSec                           
20000010  minute                         
20000014  hour                           
20000018  _lock                          
2000001c  _unlock                        
20000020  main_func_sp                   
20000024  SystemCoreClock                
2000fe00  __stack                        
20010000  __STACK_END                    
4000480c  WDTCTL_SYM                     
ffffffff  __TI_pprof_out_hndl            
ffffffff  __TI_prof_data_size            
ffffffff  __TI_prof_data_start           
ffffffff  __binit__                      
ffffffff  __c_args__                     
ffffffff  binit                          
UNDEFED   SHT$$INIT_ARRAY$$Base          
UNDEFED   SHT$$INIT_ARRAY$$Limit         

[109 symbols]
